c:\Users\acer\Downloads\Hotel management system\backend\order-service\src\main\java\com\foodorder\orderservice\CancelWorkflowDelegate.java
c:\Users\acer\Downloads\Hotel management system\backend\order-service\src\main\java\com\foodorder\orderservice\CompleteWorkflowDelegate.java
c:\Users\acer\Downloads\Hotel management system\backend\order-service\src\main\java\com\foodorder\orderservice\DeliveryDelegate.java
c:\Users\acer\Downloads\Hotel management system\backend\order-service\src\main\java\com\foodorder\orderservice\JmsConfig.java
c:\Users\acer\Downloads\Hotel management system\backend\order-service\src\main\java\com\foodorder\orderservice\KitchenDelegate.java
c:\Users\acer\Downloads\Hotel management system\backend\order-service\src\main\java\com\foodorder\orderservice\Order.java
c:\Users\acer\Downloads\Hotel management system\backend\order-service\src\main\java\com\foodorder\orderservice\OrderController.java
c:\Users\acer\Downloads\Hotel management system\backend\order-service\src\main\java\com\foodorder\orderservice\OrderCreatedListener.java
c:\Users\acer\Downloads\Hotel management system\backend\order-service\src\main\java\com\foodorder\orderservice\OrderRepository.java
c:\Users\acer\Downloads\Hotel management system\backend\order-service\src\main\java\com\foodorder\orderservice\OrderServiceApplication.java
c:\Users\acer\Downloads\Hotel management system\backend\order-service\src\main\java\com\foodorder\orderservice\PaymentDelegate.java
